skims/vbs_ww/WminusTo2JZTo2LJJ_QCD_LO_SM.root
skims/vbs_ww/WminusToLNuWminusTo2JJJ_QCD_LO_SM.root
skims/vbs_ww/WminusToLNuZTo2JJJ_QCD_LO_SM.root
skims/vbs_ww/WplusTo2JWminusToLNuJJ_QCD_LO_SM.root
skims/vbs_ww/WplusTo2JZTo2LJJ_QCD_LO_SM.root
skims/vbs_ww/WplusToLNuWminusTo2JJJ_QCD_LO_SM.root
skims/vbs_ww/WplusToLNuWplusTo2JJJ_QCD_LO_SM.root
skims/vbs_ww/WplusToLNuZTo2JJJ_QCD_LO_SM.root
skims/vbs_ww/ZTo2LZTo2JJJ_QCD_LO_SM.root
skims/vbs_ww/WJetsToLNu_HT_100To200.root
skims/vbs_ww/WJetsToLNu_HT_1200To2500.root
skims/vbs_ww/WJetsToLNu_HT_200To400.root
skims/vbs_ww/WJetsToLNu_HT_2500ToInf.root
skims/vbs_ww/WJetsToLNu_HT_400To600.root
skims/vbs_ww/WJetsToLNu_HT_600To800.root
skims/vbs_ww/WJetsToLNu_HT_800To1200.root
skims/vbs_ww/DY1JetsToLL.root
skims/vbs_ww/DY2JetsToLL.root
skims/vbs_ww/DY3JetsToLL.root
skims/vbs_ww/DY4JetsToLL.root
skims/vbs_ww/ST_s_channel.root
skims/vbs_ww/ST_tW_antitop_5f_NoFullyHadronicDecays.root
skims/vbs_ww/ST_tW_top_5f_NoFullyHadronicDecays.root
skims/vbs_ww/ST_t_channel_antitop.root
skims/vbs_ww/ST_t_channel_top_4f.root
skims/vbs_ww/TTToSemilepton.root
skims/vbs_ww/TTWJetsToLNu.root
skims/vbs_ww/TTWJetsToQQ.root
skims/vbs_ww/TTZToLLNuNu_M-10.root
skims/vbs_ww/TTZToQQ.root
